 DBCSR| Multiplication driver                                               XSMM
 DBCSR| Multrec recursion limit                                              512
 DBCSR| Multiplication stack size                                           1000
 DBCSR| Maximum elements for images                                    UNLIMITED
 DBCSR| Multiplicative factor virtual images                                   1
 DBCSR| Multiplication size stacks                                             3
 DBCSR| Number of 3D layers                                               SINGLE
 DBCSR| Use MPI memory allocation                                              T
 DBCSR| Use RMA algorithm                                                      F
 DBCSR| Use Communication thread                                               T
 DBCSR| Communication thread load                                             87


  **** **** ******  **  PROGRAM STARTED AT               2019-09-20 20:18:51.918
 ***** ** ***  *** **   PROGRAM STARTED ON        holy2b17301.rc.fas.harvard.edu
 **    ****   ******    PROGRAM STARTED BY                               leleslx
 ***** **    ** ** **   PROGRAM PROCESS ID                                155402
  **** **  *******  **  PROGRAM STARTED IN /n/home06/leleslx/software/flare-inte
                                           rnal-dev/tests

 CP2K| version string:                                          CP2K version 6.1
 CP2K| source code revision number:                                    svn:18464
 CP2K| cp2kflags: libint fftw3 libxc elpa=201705 elpa_qr parallel mpi3 scalapack
 CP2K|             xsmm libderiv_max_am1=5 libint_max_am=6 plumed2
 CP2K| is freely available from                            https://www.cp2k.org/
 CP2K| Program compiled at                          Thu Nov  8 17:12:21 EST 2018
 CP2K| Program compiled on                        holy7b01301.rc.fas.harvard.edu
 CP2K| Program compiled for                                                local
 CP2K| Data directory path    /n/holylfs/LABS/kozinsky_lab/Software/CP2K/src-6.1
 CP2K| Input file name                                test_files/cp2k_input_1.in

 GLOBAL| Force Environment number                                              1
 GLOBAL| Basis set file name                                       test_files/BR
 GLOBAL| Potential file name                                       test_files/GR
 GLOBAL| MM Potential file name                                     MM_POTENTIAL
 GLOBAL| Coordinate file name                                      __STD_INPUT__
 GLOBAL| Method name                                                        CP2K
 GLOBAL| Project name                                                       cp2k
 GLOBAL| Preferred FFT library                                             FFTW3
 GLOBAL| Preferred diagonalization lib.                                       SL
 GLOBAL| Run type                                                   ENERGY_FORCE
 GLOBAL| All-to-all communication in single precision                          F
 GLOBAL| FFTs using library dependent lengths                                  F
 GLOBAL| Global print level                                                  LOW
 GLOBAL| Total number of message passing processes                             1
 GLOBAL| Number of threads for this process                                    1
 GLOBAL| This output is from process                                           0
 GLOBAL| CPU model name :  Intel(R) Xeon(R) Gold 6130 CPU @ 2.10GHz

 MEMORY| system memory details [Kb]
 MEMORY|                        rank 0           min           max       average
 MEMORY| MemTotal            196503704     196503704     196503704     196503704
 MEMORY| MemFree             185503988     185503988     185503988     185503988
 MEMORY| Buffers                  3392          3392          3392          3392
 MEMORY| Cached                5687232       5687232       5687232       5687232
 MEMORY| Slab                  1480960       1480960       1480960       1480960
 MEMORY| SReclaimable           575188        575188        575188        575188
 MEMORY| MemLikelyFree       191769800     191769800     191769800     191769800


 GENERATE|  Preliminary Number of Bonds generated:                             0
 GENERATE|  Achieved consistency in connectivity generation.

 *******************************************************************************
 *******************************************************************************
 **                                                                           **
 **     #####                         ##              ##                      **
 **    ##   ##            ##          ##              ##                      **
 **   ##     ##                       ##            ######                    **
 **   ##     ##  ##   ##  ##   #####  ##  ##   ####   ##    #####    #####    **
 **   ##     ##  ##   ##  ##  ##      ## ##   ##      ##   ##   ##  ##   ##   **
 **   ##  ## ##  ##   ##  ##  ##      ####     ###    ##   ######   ######    **
 **    ##  ###   ##   ##  ##  ##      ## ##      ##   ##   ##       ##        **
 **     #######   #####   ##   #####  ##  ##  ####    ##    #####   ##        **
 **           ##                                                    ##        **
 **                                                                           **
 **                                                ... make the atoms dance   **
 **                                                                           **
 **            Copyright (C) by CP2K developers group (2000 - 2018)           **
 **                                                                           **
 *******************************************************************************

 *** WARNING in qs_environment.F:1142 :: More added MOs requested than ***
 *** available. The full set of unoccupied MOs will be used.           ***



 TOTAL NUMBERS AND MAXIMUM NUMBERS

  Total number of            - Atomic kinds:                                   1
                             - Atoms:                                          2
                             - Shell sets:                                     2
                             - Shells:                                         6
                             - Primitive Cartesian functions:                 14
                             - Cartesian basis functions:                     10
                             - Spherical basis functions:                     10

  Maximum angular momentum of- Orbital basis functions:                        1
                             - Local part of the GTH pseudopotential:          2


 SCF PARAMETERS         Density guess:                                    ATOMIC
                        --------------------------------------------------------
                        max_scf:                                             300
                        max_scf_history:                                       0
                        max_diis:                                              4
                        --------------------------------------------------------
                        eps_scf:                                        1.00E-07
                        eps_scf_history:                                0.00E+00
                        eps_diis:                                       1.00E-01
                        eps_eigval:                                     1.00E-05
                        --------------------------------------------------------
                        level_shift [a.u.]:                                 0.00
                        added MOs                                         9    0
                        --------------------------------------------------------
                        Mixing method:                            BROYDEN_MIXING
                                                charge density mixing in g-space
                        --------------------------------------------------------
                        Smear method:                                FERMI_DIRAC
                        Electronic temperature [K]:                        300.0
                        Electronic temperature [a.u.]:                  9.50E-04
                        Accuracy threshold:                             1.00E-10
                        --------------------------------------------------------
                        No outer SCF

 Number of electrons:                                                          2
 Number of occupied orbitals:                                                  1
 Number of molecular orbitals:                                                10

 Number of orbital functions:                                                 10
 Number of independent orbital functions:                                     10

 Extrapolation method: initial_guess


 SCF WAVEFUNCTION OPTIMIZATION

  Step     Update method      Time    Convergence         Total energy    Change
  ------------------------------------------------------------------------------
     1 NoMix/Diag. 0.40E+00    0.4     0.52273065        -0.8584428329 -8.58E-01
     2 Broy./Diag. 0.40E+00    0.7     0.01800548        -0.5755263671  2.83E-01
     3 Broy./Diag. 0.40E+00    0.7     0.02878929        -0.9969489471 -4.21E-01
     4 Broy./Diag. 0.40E+00    0.7     0.00198352        -1.0832975096 -8.63E-02
     5 Broy./Diag. 0.40E+00    0.7     0.00216899        -1.0861327988 -2.84E-03
     6 Broy./Diag. 0.40E+00    0.7     0.00021878        -1.0915151459 -5.38E-03
     7 Broy./Diag. 0.40E+00    0.7     0.00013034        -1.0917618903 -2.47E-04
     8 Broy./Diag. 0.40E+00    0.7     0.00001340        -1.0920124528 -2.51E-04
     9 Broy./Diag. 0.40E+00    0.7     0.00000708        -1.0919588997  5.36E-05
    10 Broy./Diag. 0.40E+00    0.7     0.00000058        -1.0919740231 -1.51E-05
    11 Broy./Diag. 0.40E+00    0.7     0.00000023        -1.0919725678  1.46E-06
    12 Broy./Diag. 0.40E+00    0.7     8.5025E-09        -1.0919731152 -5.47E-07

  *** SCF run converged in    12 steps ***


  Electronic density on regular grids:         -2.0000000000        0.0000000000
  Core density on regular grids:                1.9999999999       -0.0000000001
  Total charge density on r-space grids:       -0.0000000001
  Total charge density g-space grids:          -0.0000000001

  Overlap energy of the core charge distribution:               0.00088477319713
  Self energy of the core charge distribution:                 -2.82094791773878
  Core Hamiltonian energy:                                      1.20081565211180
  Hartree energy:                                               1.30824132174120
  Exchange-correlation energy:                                 -0.78096694454962
  Electronic entropic energy:                                  -0.00000000000000
  Fermi energy:                                                 0.14407163925527

  Total energy:                                                -1.09197311523827

 ENERGY| Total FORCE_EVAL ( QS ) energy (a.u.):               -1.091973044533034


 ATOMIC FORCES in [a.u.]

 # Atom   Kind   Element          X              Y              Z
      1      1      H          -0.43643419    -0.00000000    -0.00000000
      2      1      H           0.43643401     0.00000000     0.00000000
 SUM OF ATOMIC FORCES          -0.00000019    -0.00000000    -0.00000000     0.00000019

 -------------------------------------------------------------------------------
 -                                                                             -
 -                                DBCSR STATISTICS                             -
 -                                                                             -
 -------------------------------------------------------------------------------
 COUNTER                                    TOTAL       BLAS       SMM       ACC
 flops     5 x     5 x    10                19500       0.0%    100.0%      0.0%
 flops inhomo. stacks                           0       0.0%      0.0%      0.0%
 flops total                        19.500000E+03       0.0%    100.0%      0.0%
 flops max/rank                     19.500000E+03       0.0%    100.0%      0.0%
 matmuls inhomo. stacks                         0       0.0%      0.0%      0.0%
 matmuls total                                 39       0.0%    100.0%      0.0%
 number of processed stacks                    13       0.0%    100.0%      0.0%
 average stack size                                     0.0       3.0       0.0
 marketing flops                     2.600000E+03
 -------------------------------------------------------------------------------
 # multiplications                             13
 max memory usage/rank             313.237504E+06
 # max total images/rank                        1
 # max 3D layers                                1
 # MPI messages exchanged                       0
 MPI messages size (bytes):
  total size                         0.000000E+00
  min size                           0.000000E+00
  max size                           0.000000E+00
  average size                       0.000000E+00
 MPI breakdown and total messages size (bytes):
             size <=      128                   0                        0
       128 < size <=     8192                   0                        0
      8192 < size <=    32768                   0                        0
     32768 < size <=   131072                   0                        0
    131072 < size <=  4194304                   0                        0
   4194304 < size <= 16777216                   0                        0
  16777216 < size                               0                        0
 -------------------------------------------------------------------------------

 MEMORY| Estimated peak process memory [MiB]                                 299

 -------------------------------------------------------------------------------
 -                                                                             -
 -                         MESSAGE PASSING PERFORMANCE                         -
 -                                                                             -
 -------------------------------------------------------------------------------

 ROUTINE             CALLS      AVE VOLUME [Bytes]
 MP_Group               18
 MP_Bcast               14                      5.
 MP_Allreduce          223                     26.
 MP_Sync                 4
 MP_Alltoall           364                    496.
 MP_Wait               312
 MP_ISend               52                     40.
 MP_IRecv               52                     40.
 MP_Memory             884
 -------------------------------------------------------------------------------


 -------------------------------------------------------------------------------
 -                                                                             -
 -                           R E F E R E N C E S                               -
 -                                                                             -
 -------------------------------------------------------------------------------
 
 CP2K version 6.1, the CP2K developers group (2018).
 CP2K is freely available from https://www.cp2k.org/ .

 Schuett, Ole; Messmer, Peter; Hutter, Juerg; VandeVondele, Joost. 
 Electronic Structure Calculations on Graphics Processing Units, John Wiley & Sons, Ltd, 173-190 (2016). 
 GPU-Accelerated Sparse Matrix-Matrix Multiplication for Linear Scaling Density Functional Theory.
 http://dx.doi.org/10.1002/9781118670712.ch8


 Borstnik, U; VandeVondele, J; Weber, V; Hutter, J. 
 PARALLEL COMPUTING, 40 (5-6), 47-58 (2014). 
 Sparse matrix multiplication: The distributed block-compressed sparse
 row library.
 http://dx.doi.org/10.1016/j.parco.2014.03.012


 Hutter, J; Iannuzzi, M; Schiffmann, F; VandeVondele, J. 
 WILEY INTERDISCIPLINARY REVIEWS-COMPUTATIONAL MOLECULAR SCIENCE, 4 (1), 15-25 (2014). 
 CP2K: atomistic simulations of condensed matter systems.
 http://dx.doi.org/10.1002/wcms.1159


 VandeVondele, J; Hutter, J. 
 JOURNAL OF CHEMICAL PHYSICS, 127 (11), 114105 (2007). 
 Gaussian basis sets for accurate calculations on molecular systems in
 gas and condensed phases.
 http://dx.doi.org/10.1063/1.2770708


 Krack, M. 
 THEORETICAL CHEMISTRY ACCOUNTS, 114 (1-3), 145-152 (2005). 
 Pseudopotentials for H to Kr optimized for gradient-corrected
 exchange-correlation functionals.
 http://dx.doi.org/10.1007/s00214-005-0655-y


 VandeVondele, J; Krack, M; Mohamed, F; Parrinello, M; Chassaing, T;
 Hutter, J. COMPUTER PHYSICS COMMUNICATIONS, 167 (2), 103-128 (2005). 
 QUICKSTEP: Fast and accurate density functional calculations using a
 mixed Gaussian and plane waves approach.
 http://dx.doi.org/10.1016/j.cpc.2004.12.014


 Frigo, M; Johnson, SG. 
 PROCEEDINGS OF THE IEEE, 93 (2), 216-231 (2005). 
 The design and implementation of FFTW3.
 http://dx.doi.org/10.1109/JPROC.2004.840301


 Hartwigsen, C; Goedecker, S; Hutter, J. 
 PHYSICAL REVIEW B, 58 (7), 3641-3662 (1998). 
 Relativistic separable dual-space Gaussian pseudopotentials from H to Rn.
 http://dx.doi.org/10.1103/PhysRevB.58.3641


 Lippert, G; Hutter, J; Parrinello, M. 
 MOLECULAR PHYSICS, 92 (3), 477-487 (1997). 
 A hybrid Gaussian and plane wave density functional scheme.
 http://dx.doi.org/10.1080/002689797170220


 Perdew, JP; Burke, K; Ernzerhof, M. 
 PHYSICAL REVIEW LETTERS, 77 (18), 3865-3868 (1996). 
 Generalized gradient approximation made simple.
 http://dx.doi.org/10.1103/PhysRevLett.77.3865


 Goedecker, S; Teter, M; Hutter, J. 
 PHYSICAL REVIEW B, 54 (3), 1703-1710 (1996). 
 Separable dual-space Gaussian pseudopotentials.
 http://dx.doi.org/10.1103/PhysRevB.54.1703


 -------------------------------------------------------------------------------
 -                                                                             -
 -                                T I M I N G                                  -
 -                                                                             -
 -------------------------------------------------------------------------------
 SUBROUTINE                       CALLS  ASD         SELF TIME        TOTAL TIME
                                MAXIMUM       AVERAGE  MAXIMUM  AVERAGE  MAXIMUM
 CP2K                                 1  1.0    0.005    0.005    9.702    9.702
 qs_forces                            1  2.0    0.000    0.000    9.584    9.584
 qs_energies                          1  3.0    0.000    0.000    9.106    9.106
 scf_env_do_scf                       1  4.0    0.000    0.000    8.714    8.714
 scf_env_do_scf_inner_loop           12  5.0    0.001    0.001    8.714    8.714
 rebuild_ks_matrix                   13  6.8    0.000    0.000    5.349    5.349
 qs_ks_build_kohn_sham_matrix        13  7.8    0.001    0.001    5.349    5.349
 qs_ks_update_qs_env                 12  6.0    0.000    0.000    4.900    4.900
 qs_rho_update_rho                   13  6.0    0.000    0.000    3.614    3.614
 calculate_rho_elec                  13  7.0    3.288    3.288    3.614    3.614
 sum_up_and_integrate                13  8.8    0.006    0.006    2.590    2.590
 integrate_v_rspace                  13  9.8    2.422    2.422    2.584    2.584
 qs_vxc_create                       13  8.8    0.000    0.000    2.524    2.524
 xc_vxc_pw_create                    13  9.8    0.029    0.029    2.524    2.524
 xc_rho_set_and_dset_create          13 10.8    0.013    0.013    1.920    1.920
 pw_transfer                        259 10.3    0.008    0.008    1.565    1.565
 fft_wrap_pw1pw2                    233 11.4    0.001    0.001    1.534    1.534
 fft_wrap_pw1pw2_260                155 12.3    0.091    0.091    1.482    1.482
 xc_functional_eval                  13 11.8    0.000    0.000    1.459    1.459
 pbe_lda_eval                        13 12.8    1.459    1.459    1.459    1.459
 fft3d_s                            234 13.3    1.045    1.045    1.051    1.051
 gspace_mixing                       11  6.0    0.005    0.005    0.465    0.465
 qs_ks_update_qs_env_forces           1  3.0    0.000    0.000    0.449    0.449
 init_scf_run                         1  4.0    0.000    0.000    0.352    0.352
 scf_env_initial_rho_setup            1  5.0    0.000    0.000    0.351    0.351
 broyden_mixing                      11  7.0    0.350    0.350    0.351    0.351
 density_rs2pw                       13  8.0    0.000    0.000    0.320    0.320
 pw_scatter_s                       128 13.7    0.219    0.219    0.219    0.219
 -------------------------------------------------------------------------------

 The number of warnings for this run is : 1
 
 -------------------------------------------------------------------------------
  **** **** ******  **  PROGRAM ENDED AT                 2019-09-20 20:19:01.878
 ***** ** ***  *** **   PROGRAM RAN ON            holy2b17301.rc.fas.harvard.edu
 **    ****   ******    PROGRAM RAN BY                                   leleslx
 ***** **    ** ** **   PROGRAM PROCESS ID                                155402
  **** **  *******  **  PROGRAM STOPPED IN /n/home06/leleslx/software/flare-inte
                                           rnal-dev/tests
